// Jest Snapshot v1, https://goo.gl/fbAQLP

exports[`Label renders matching snapshot 1`] = `
<Text
  bold={false}
  htmlFor="input"
  inlineBlock={true}
  is="label"
  leading="normal"
  loose={false}
  m={
    Object {
      "b": 2,
    }
  }
  tight={false}
  weight="bold"
>
  Username
</Text>
`;
