// Jest Snapshot v1, https://goo.gl/fbAQLP

exports[`NumberInput renders matching snapshot 1`] = `
<DocumentFragment>
  <input
    class="select-none cursor-pointer appearance-none bg-white rounded text-gray-900 px-4 py-2 mb-2 border w-full leading-tight focus:outline-none focus:shadow-outline"
    id="username"
    inputmode="numeric"
    name="username"
    pattern="[0-9]*"
  />
</DocumentFragment>
`;
