// Jest Snapshot v1, https://goo.gl/fbAQLP

exports[`Field renders matching snapshot 1`] = `
<div
  className="max-w-sm mb-4"
>
  <Component
    field={
      Object {
        "disabled": false,
        "errorId": "field-error-3",
        "helpId": "field-info-2",
        "inputId": "field-1",
        "invalid": true,
      }
    }
    key=".0"
  >
    Password
  </Component>
  <HelpText
    field={
      Object {
        "disabled": false,
        "errorId": "field-error-3",
        "helpId": "field-info-2",
        "inputId": "field-1",
        "invalid": true,
      }
    }
    key=".1"
  >
    Your password must be 8-20 characters long, contain letters and numbers, and must not contain spaces, special characters, or emoji.
  </HelpText>
  <Component
    field={
      Object {
        "disabled": false,
        "errorId": "field-error-3",
        "helpId": "field-info-2",
        "inputId": "field-1",
        "invalid": true,
      }
    }
    key=".2"
    name="password"
    type="password"
  />
  <ErrorText
    alert={true}
    field={
      Object {
        "disabled": false,
        "errorId": "field-error-3",
        "helpId": "field-info-2",
        "inputId": "field-1",
        "invalid": true,
      }
    }
    key=".3"
  >
    Please complete
  </ErrorText>
</div>
`;
