// Jest Snapshot v1, https://goo.gl/fbAQLP

exports[`Paragraph renders matching snapshot 1`] = `
<Text
  bold={false}
  is="p"
  leading="normal"
  loose={false}
  m={
    Object {
      "b": 4,
    }
  }
  text={
    Array [
      false,
    ]
  }
  tight={false}
>
  Lorem ipsum dolor sit amet
</Text>
`;
