// Jest Snapshot v1, https://goo.gl/fbAQLP

exports[`Text renders matching snapshot 1`] = `
<BaseComponent
  font={
    Array [
      "sans",
      false,
    ]
  }
  is="p"
  leading="normal"
  m={
    Object {
      "b": 4,
    }
  }
  text={
    Array [
      "base",
      "grey-darkest",
    ]
  }
>
  Lorem ipsum dolor sit amet
</BaseComponent>
`;
