// Jest Snapshot v1, https://goo.gl/fbAQLP

exports[`Title renders matching snapshot 1`] = `
<Text
  bold={false}
  font={
    Array [
      "sans",
      "bold",
    ]
  }
  is="h4"
  leading="tight"
  loose={false}
  m={
    Object {
      "b": 4,
    }
  }
  text={
    Array [
      "2xl",
      "black",
    ]
  }
  tight={false}
>
  Title
</Text>
`;
