// Jest Snapshot v1, https://goo.gl/fbAQLP

exports[`NavBrand renders matching snapshot 1`] = `
<BaseComponent
  aria-level={1}
  flex={
    Array [
      true,
      "no-shrink",
    ]
  }
  h={12}
  is="div"
  items="center"
  m={
    Object {
      "r": 8,
    }
  }
  noUnderline={true}
  role="heading"
  text="white"
>
  Tailwind React UI
</BaseComponent>
`;
