// Jest Snapshot v1, https://goo.gl/fbAQLP

exports[`NavMenu renders matching snapshot 1`] = `
<BaseComponent
  aria-expanded={true}
  aria-labelledby="undefined-menu"
  flex="grow"
  flex-lg={true}
  id="undefined-nav"
  is="nav"
  items="center"
  overflow="hidden"
  role="navigation"
  style={
    Object {
      "maxHeight": "100vh",
      "transition": "max-height 500ms",
    }
  }
  w="full"
  w-lg="auto"
>
  <WithTheme(Title)
    id="undefined-menu"
    level={2}
    visuallyHidden={true}
  >
    Site menu
  </WithTheme(Title)>
  <ul
    className="list-reset flex-grow lg:flex mb-2 lg:mb-0"
    role="menu"
  >
    <li
      key=".0"
      role="none"
    >
      <WithTheme(NavItem)
        header={
          Object {
            "collapsable": true,
            "open": true,
          }
        }
        role="menuitem"
      >
        About
      </WithTheme(NavItem)>
    </li>
    <li
      key=".1"
      role="none"
    >
      <WithTheme(NavItem)
        header={
          Object {
            "collapsable": true,
            "open": true,
          }
        }
        role="menuitem"
      >
        Blog
      </WithTheme(NavItem)>
    </li>
  </ul>
  <button
    key=".2"
    type="button"
  >
    Download
  </button>
</BaseComponent>
`;
