// Jest Snapshot v1, https://goo.gl/fbAQLP

exports[`NavMenu renders matching snapshot 1`] = `
<Box
  aria-expanded={true}
  aria-labelledby="undefined-menu"
  flex="grow"
  id="undefined-nav"
  inline={false}
  inlineBlock={false}
  is="nav"
  items="center"
  overflow="hidden"
  role="navigation"
  style={
    Object {
      "maxHeight": "100vh",
      "transition": "max-height 500ms",
    }
  }
  w="full"
>
  <WithTheme(Title)
    id="undefined-menu"
    level={2}
    visuallyHidden={true}
  >
    Site menu
  </WithTheme(Title)>
  <WithTheme(List)
    flex="grow"
    listItemIs={[Function]}
    reset={true}
    role="menu"
  >
    <WithTheme(NavItem)
      header={
        Object {
          "collapsable": true,
          "open": true,
        }
      }
      key=".0"
      role="menuitem"
    >
      About
    </WithTheme(NavItem)>
    <WithTheme(NavItem)
      header={
        Object {
          "collapsable": true,
          "open": true,
        }
      }
      key=".1"
      role="menuitem"
    >
      Blog
    </WithTheme(NavItem)>
  </WithTheme(List)>
  <button
    key=".2"
    type="button"
  >
    Download
  </button>
</Box>
`;
