// Jest Snapshot v1, https://goo.gl/fbAQLP

exports[`NavToggle renders matching snapshot 1`] = `
<WithTheme(Button)
  aria-controls="undefined-nav"
  aria-haspopup="true"
  aria-label="Open menu"
  bg-hocus="white"
  block={true}
  h={12}
  hidden-lg={true}
  onClick={[Function]}
  p={0}
  text="white"
  text-hocus="blue"
  w={12}
>
  <span
    className="flex flex-col items-stretch justify-around h-full p-3"
  >
    <Bar />
    <Bar />
    <Bar />
  </span>
</WithTheme(Button)>
`;
