// Jest Snapshot v1, https://goo.gl/fbAQLP

exports[`List renders matching snapshot 1`] = `
<Box
  className="list-reset"
  flex={
    Array [
      true,
      "wrap",
    ]
  }
  inline={false}
  inlineBlock={false}
  is="ul"
  m={
    Object {
      "b": 4,
    }
  }
>
  <li
    className="mr-2"
    key=".0"
  >
    <span>
      One
    </span>
  </li>
  <li
    className="mr-2"
    key=".1"
  >
    <span>
      Two
    </span>
  </li>
  <li
    className="mr-2"
    key=".2"
  >
    <span>
      Three
    </span>
  </li>
</Box>
`;
