// Jest Snapshot v1, https://goo.gl/fbAQLP

exports[`SkipLink renders matching snapshot 1`] = `
<span
  className="visually-hidden-focusable"
>
  <FillButton
    absolute={true}
    bg="white"
    is={[Function]}
    rounded="none"
    text="black"
  >
    Skip to main content
  </FillButton>
</span>
`;
