// Jest Snapshot v1, https://goo.gl/fbAQLP

exports[`Header renders matching snapshot 1`] = `
<header
  className="bg-blue py-6"
>
  <WithConfig(Container)
    className="flex items-center justify-between flex-wrap"
    max="md"
    padding={true}
  >
    <Component
      header={
        Object {
          "collapsable": true,
          "onToggle": [Function],
          "open": false,
        }
      }
      key=".0"
    />
  </WithConfig(Container)>
</header>
`;
