// Jest Snapshot v1, https://goo.gl/fbAQLP

exports[`Header renders matching snapshot 1`] = `
<header
  className="bg-blue text-white py-6"
>
  <WithTheme(Container)
    className="flex items-center justify-between flex-wrap"
    padding={true}
  >
    <Component
      header={
        Object {
          "collapsable": true,
          "onToggle": [Function],
          "open": false,
          "style": Object {
            "bg": "blue",
            "text": "white",
          },
        }
      }
      key=".0"
    />
  </WithTheme(Container)>
</header>
`;
