// Jest Snapshot v1, https://goo.gl/fbAQLP

exports[`NavMenu renders matching snapshot 1`] = `
<Transition
  appear={false}
  enter={true}
  exit={true}
  in={true}
  mountOnEnter={false}
  onEnter={[Function]}
  onEntered={[Function]}
  onEntering={[Function]}
  onExit={[Function]}
  onExited={[Function]}
  onExiting={[Function]}
  timeout={0}
  unmountOnExit={false}
>
  <Component />
</Transition>
`;
