// Jest Snapshot v1, https://goo.gl/fbAQLP

exports[`NavMenu renders matching snapshot 1`] = `
<nav
  aria-label="main navigation"
  className="overflow-hidden w-full flex-grow lg:flex lg:items-center lg:w-auto"
  style={
    Object {
      "maxHeight": "100vh",
      "transition": "max-height 500ms",
    }
  }
>
  <ul
    className="list-reset flex-grow lg:flex mb-2 lg:mb-0"
  >
    <li
      key=".0"
    >
      <WithConfig(NavItem)>
        About
      </WithConfig(NavItem)>
    </li>
    <li
      key=".1"
    >
      <WithConfig(NavItem)>
        Blog
      </WithConfig(NavItem)>
    </li>
  </ul>
  <button
    key=".2"
    type="button"
  >
    Download
  </button>
</nav>
`;
